1PP 5724-L44 IBM COBOL for Windows                   8.0.0 S1612          Date 01/23/2020  Time 04:55:37   Page     1             
0Invocation parameters:
  NOCOMPILE,adata,exit(adexit(fttfdbkw))
0Options in effect:
    ADATA                                                                                                                            
    QUOTE                                                                                                                            
    ARITH(COMPAT)                                                                                                                    
    BINARY(NATIVE)                                                                                                                   
    CALLINT(SYSTEM,NODESCRIPTOR)                                                                                                     
    CHAR(NATIVE)                                                                                                                     
  NOCICS                                                                                                                             
    COLLSEQ(BINARY)                                                                                                                  
  NOCOMPILE                                                                                                                          
  NOCOPYRIGHT                                                                                                                        
  NOCURRENCY                                                                                                                         
  NODIAGTRUNC                                                                                                                        
    DIVIDE(NATIVE)                                                                                                                   
  NODYNAM                                                                                                                            
    ENTRYINT(SYSTEM)                                                                                                                 
    EXIT(NOINEXIT,NOPRTEXIT,NOLIBEXIT,ADEXIT(FTTFDBKW),NOMSGEXIT)                                                                    
    FLAG(I,I)                                                                                                                        
  NOFLAGSTD                                                                                                                          
    FLOAT(NATIVE)                                                                                                                    
    LINECOUNT(60)                                                                                                                    
  NOLIST                                                                                                                             
    LSTFILE(LOCALE)                                                                                                                  
  NOMAP                                                                                                                              
  NOMDECK                                                                                                                            
    NCOLLSEQ(BINARY)                                                                                                                 
    NSYMBOL(NATIONAL)                                                                                                                
  NONUMBER                                                                                                                           
    OPTIMIZE(0)                                                                                                                      
    PGMNAME(LONGUPPER)                                                                                                               
    PROBE                                                                                                                            
    QUALIFY(COMPAT)                                                                                                                  
  NORULES                                                                                                                            
  NOSERVICE                                                                                                                          
    SEPOBJ                                                                                                                           
    SEQUENCE                                                                                                                         
  NOSOSI                                                                                                                             
    SOURCE                                                                                                                           
    SPACE(1)                                                                                                                         
  NOSQL                                                                                                                              
    SRCFORMAT(COMPAT)                                                                                                                
  NOSSRANGE                                                                                                                          
  NOSUPPRESS                                                                                                                         
    TERM                                                                                                                             
  NOTEST                                                                                                                             
  NOTHREAD                                                                                                                           
    TRUNC(STD)                                                                                                                       
  NOVBREF                                                                                                                            
  NOWSCLEAR                                                                                                                          
    XREF(FULL)                                                                                                                       
    ZWB                                                                                                                              
1PP 5724-L44 IBM COBOL for Windows                   8.0.0 S1612          Date 01/23/2020  Time 04:55:37   Page     2             
0LineID  Message code  Library phase message text
                                                                                                                                     
     48  IGYLI0049-S   The "COPY" library ".\HCERRSWS" was not found.  Skipped to the period terminating the "COPY" statement.       
                                                                                                                                     
    200  IGYLI0049-S   The "COPY" library ".\HCERRSPD" was not found.  Skipped to the period terminating the "COPY" statement.       
-Messages    Total    Informational    Warning    Error    Severe    Terminating
0Printed:       2                                              2            
1PP 5724-L44 IBM COBOL for Windows                   8.0.0 S1612HCAPDB01  Date 01/23/2020  Time 04:55:37   Page     3             
   LineID  PL SL  ----+-*A-1-B--+----2----+----3----+----4----+----5----+----6----+----7-|--+----8 Map and Cross Reference           
0  000001               ******************************************************************        |                                  
   000002               *                                                                *        |                                  
   000003               * LICENSED MATERIALS - PROPERTY OF IBM                           *        |                                  
   000004               *                                                                *        |                                  
   000005               * "RESTRICTED MATERIALS OF IBM"                                  *        |                                  
   000006               *                                                                *        |                                  
   000007               * (C) COPYRIGHT IBM CORP. 2014 ALL RIGHTS RESERVED               *        |                                  
   000008               *                                                                *        |                                  
   000009               * US GOVERNMENT USERS RESTRICTED RIGHTS - USE, DUPLICATION,      *        |                                  
   000010               * OR DISCLOSURE RESTRICTED BY GSA ADP SCHEDULE                   *        |                                  
   000011               * CONTRACT WITH IBM CORPORATION                                  *        |                                  
   000012               *                                                                *        |                                  
   000013               *                                                                *        |                                  
   000014               *                    ADD Patient Details                         *        |                                  
   000015               *                                                                *        |                                  
   000016               *   To add patient's name, address and date of birth to the      *        |                                  
   000017               *  DB2 patient table creating a new patient entry.               *        |                                  
   000018               *                                                                *        |                                  
   000019               *                                                                *        |                                  
   000020               ******************************************************************        |                                  
   000021                IDENTIFICATION DIVISION.                                                 |                                  
   000022                PROGRAM-ID. HCAPDB01.                                                    |                                  
   000023                ENVIRONMENT DIVISION.                                                    |                                  
   000024                CONFIGURATION SECTION.                                                   |                                  
   000025               *                                                                         |                                  
   000026                DATA DIVISION.                                                           |                                  
   000027                                                                                         |                                  
   000028                WORKING-STORAGE SECTION.                                                 |                                  
   000029                                                                                         |                                  
   000030               *----------------------------------------------------------------*        |                                  
   000031               * Common defintions                                              *        |                                  
   000032               *----------------------------------------------------------------*        |                                  
   000033               * Run time (debug) infomation for this invocation                         |                                  
   000034                 01  WS-HEADER.                                                          |                                  
   000035                    03 WS-EYECATCHER            PIC X(16)                                |                                  
   000036                                                 VALUE 'HCAPDB01------WS'.               |                                  
   000037                    03 WS-TRANSID               PIC X(4).                                |                                  
   000038                    03 WS-TERMID                PIC X(4).                                |                                  
   000039                    03 WS-TASKNUM               PIC 9(7).                                |                                  
   000040                    03 WS-FILLER                PIC X.                                   |                                  
   000041                    03 WS-ADDR-DFHCOMMAREA      USAGE is POINTER.                        |                                  
   000042                    03 WS-CALEN                 PIC S9(4) COMP.                          |                                  
   000043                                                                                         |                                  
   000044               *                                                                         |                                  
   000045                01  WS-RESP                   PIC S9(8) COMP.                            |                                  
   000046                                                                                         |                                  
   000047               *----------------------------------------------------------------*        |                                  
   000048                COPY HCERRSWS.                                                           |                                  
   000049                                                                                         |                                  
   000050               *----------------------------------------------------------------*        |                                  
   000051               * Definitions required for data manipulation                     *        |                                  
   000052               *----------------------------------------------------------------*        |                                  
   000053               * Fields to be used to check that commarea is correct length              |                                  
   000054                01  WS-COMMAREA-LENGTHS.                                                 |                                  
   000055                    03 WS-CA-HEADER-LEN         PIC S9(4) COMP VALUE +18.                |                                  
   000056                    03 WS-REQUIRED-CA-LEN       PIC S9(4)      VALUE +0.                 |                                  
   000057                                                                                         |                                  
1PP 5724-L44 IBM COBOL for Windows                   8.0.0 S1612HCAPDB01  Date 01/23/2020  Time 04:55:37   Page     4             
   LineID  PL SL  ----+-*A-1-B--+----2----+----3----+----4----+----5----+----6----+----7-|--+----8 Map and Cross Reference           
0  000058               *----------------------------------------------------------------*        |                                  
   000059               * Definitions required by SQL statement                          *        |                                  
   000060               *   DB2 datatypes to COBOL equivalents                           *        |                                  
   000061               *     SMALLINT    :   PIC S9(4) COMP                             *        |                                  
   000062               *     INTEGER     :   PIC S9(9) COMP                             *        |                                  
   000063               *     DATE        :   PIC X(10)                                  *        |                                  
   000064               *     TIMESTAMP   :   PIC X(26)                                  *        |                                  
   000065               *----------------------------------------------------------------*        |                                  
   000066               * Host variables for output from DB2 integer types                        |                                  
   000067                01  DB2-OUT.                                                             |                                  
   000068                    03 DB2-PATIENT-ID        PIC S9(9) COMP.                             |                                  
   000069               *----------------------------------------------------------------*        |                                  
   000070                                                                                         |                                  
   000071               *----------------------------------------------------------------*        |                                  
   000072               *    DB2 CONTROL                                                          |                                  
   000073               *----------------------------------------------------------------*        |                                  
   000074               * SQLCA DB2 communications area                                           |                                  
   000075                    EXEC SQL                                                             |                                  
   000076                        INCLUDE SQLCA                                                    |                                  
                                                                                                  |                                  
 ==000076==> IGYDS0225-S An "EXEC SQL" statement was found, but the "SQL" compiler option was not |                                  
                         in effect.  The statement was discarded.                                 |                                  
                                                                                                  |                                  
   000077                    END-EXEC.                                                            |                                  
   000078                                                                                         |                                  
   000079               ******************************************************************        |                                  
   000080               *    L I N K A G E     S E C T I O N                                      |                                  
   000081               ******************************************************************        |                                  
   000082                LINKAGE SECTION.                                                         |                                  
   000083                                                                                         |                                  
   000084                01  DFHCOMMAREA.                                                         |                                  
                                                                                                  |                                  
 ==000084==> IGYDS1159-E A "PICTURE" clause was not found for elementary item "DFHCOMMAREA".      |                                  
                         "PICTURE X(1)" was assumed.                                              |                                  
                                                                                                  |                                  
 ==000084==> IGYSC2025-W "DFHCOMMAREA" or one of its subordinates was referenced, but             |                                  
                         "DFHCOMMAREA" was a "LINKAGE SECTION" item that did not have             |                                  
                         addressability.  This reference will not be resolved successfully at     |                                  
                         execution.                                                               |                                  
                                                                                                  |                                  
   000085                    EXEC SQL                                                             |                                  
   000086                      INCLUDE HCCMAREA                                                   |                                  
                                                                                                  |                                  
 ==000086==> IGYDS0225-S An "EXEC SQL" statement was found, but the "SQL" compiler option was not |                                  
                         in effect.  The statement was discarded.                                 |                                  
                                                                                                  |                                  
   000087                    END-EXEC.                                                            |                                  
   000088                                                                                         |                                  
   000089               ******************************************************************        |                                  
   000090               *    P R O C E D U R E S                                                  |                                  
   000091               ******************************************************************        |                                  
   000092                PROCEDURE DIVISION.                                                      |                                  
   000093                                                                                         |                                  
   000094               *----------------------------------------------------------------*        |                                  
   000095                MAINLINE SECTION.                                                        |                                  
   000096                                                                                         |                                  
   000097               *----------------------------------------------------------------*        |                                  
1PP 5724-L44 IBM COBOL for Windows                   8.0.0 S1612HCAPDB01  Date 01/23/2020  Time 04:55:37   Page     5             
   LineID  PL SL  ----+-*A-1-B--+----2----+----3----+----4----+----5----+----6----+----7-|--+----8 Map and Cross Reference           
0  000098               * Common code                                                    *        |                                  
   000099               *----------------------------------------------------------------*        |                                  
   000100               * initialize working storage variables                                    |                                  
   000101                    INITIALIZE WS-HEADER.                                                |34                                
   000102               * set up general variable                                                 |                                  
   000103                    MOVE EIBTRNID TO WS-TRANSID.                                         |UND 37                            
                                                                                                  |                                  
 ==000103==> IGYPS2121-S "EIBTRNID" was not defined as a data-name.  The statement was discarded. |                                  
                                                                                                  |                                  
   000104                    MOVE EIBTRMID TO WS-TERMID.                                          |UND 38                            
                                                                                                  |                                  
 ==000104==> IGYPS2121-S "EIBTRMID" was not defined as a data-name.  The statement was discarded. |                                  
                                                                                                  |                                  
   000105                    MOVE EIBTASKN TO WS-TASKNUM.                                         |UND 39                            
                                                                                                  |                                  
 ==000105==> IGYPS2121-S "EIBTASKN" was not defined as a data-name.  The statement was discarded. |                                  
                                                                                                  |                                  
   000106               *----------------------------------------------------------------*        |                                  
   000107                                                                                         |                                  
   000108                                                                                         |                                  
   000109               * initialize DB2 host variables                                           |                                  
   000110                    INITIALIZE DB2-OUT.                                                  |67                                
   000111                                                                                         |                                  
   000112               *----------------------------------------------------------------*        |                                  
   000113               * Process incoming commarea                                      *        |                                  
   000114               *----------------------------------------------------------------*        |                                  
   000115               * If NO commarea received issue an ABEND                                  |                                  
   000116                    IF EIBCALEN IS EQUAL TO ZERO                                         |UND IMP                           
                                                                                                  |                                  
 ==000116==> IGYPS2121-S "EIBCALEN" was not defined as a data-name.  The statement was discarded. |                                  
                                                                                                  |                                  
   000117      1                 MOVE ' NO COMMAREA RECEIVED' TO EM-VARIABLE                      |UND                               
                                                                                                  |                                  
 ==000117==> IGYPS2121-S "EM-VARIABLE" was not defined as a data-name.  The statement was         |                                  
                         discarded.                                                               |                                  
                                                                                                  |                                  
   000118      1                 PERFORM WRITE-ERROR-MESSAGE                                      |UND                               
                                                                                                  |                                  
 ==000118==> IGYPA3007-S "WRITE-ERROR-MESSAGE" was not defined as a procedure-name.  The statement|                                  
                         was discarded.                                                           |                                  
                                                                                                  |                                  
   000119      1                 EXEC CICS ABEND ABCODE('HCCA') NODUMP END-EXEC                   |                                  
                                                                                                  |                                  
 ==000119==> IGYPS0228-S An "EXEC CICS" statement was found, but the "CICS" compiler option was   |                                  
                         not in effect.  The statement was discarded.                             |                                  
                                                                                                  |                                  
   000120                    END-IF                                                               |                                  
   000121                                                                                         |                                  
   000122               * initialize commarea return code to zero                                 |                                  
   000123                    MOVE '00' TO CA-RETURN-CODE                                          |UND                               
                                                                                                  |                                  
 ==000123==> IGYPS2121-S "CA-RETURN-CODE" was not defined as a data-name.  The statement was      |                                  
                         discarded.                                                               |                                  
                                                                                                  |                                  
   000124                    MOVE EIBCALEN TO WS-CALEN.                                           |UND 42                            
                                                                                                  |                                  
 ==000124==> IGYPS2121-S "EIBCALEN" was not defined as a data-name.  The statement was discarded. |                                  
1PP 5724-L44 IBM COBOL for Windows                   8.0.0 S1612HCAPDB01  Date 01/23/2020  Time 04:55:37   Page     6             
   LineID  PL SL  ----+-*A-1-B--+----2----+----3----+----4----+----5----+----6----+----7-|--+----8 Map and Cross Reference           
0                                                                                                 |                                  
   000125                    SET WS-ADDR-DFHCOMMAREA TO ADDRESS OF DFHCOMMAREA.                   |41 IMP 84                         
   000126                                                                                         |                                  
   000127               * check commarea length                                                   |                                  
   000128                    ADD WS-CA-HEADER-LEN TO WS-REQUIRED-CA-LEN                           |55 56                             
   000129               *    ADD WS-CUSTOMER-LEN  TO WS-REQUIRED-CA-LEN                           |                                  
   000130                                                                                         |                                  
   000131               * if less set error return code and return to caller                      |                                  
   000132                    IF EIBCALEN IS LESS THAN WS-REQUIRED-CA-LEN                          |UND 56                            
                                                                                                  |                                  
 ==000132==> IGYPS2121-S "EIBCALEN" was not defined as a data-name.  The statement was discarded. |                                  
                                                                                                  |                                  
   000133      1               MOVE '98' TO CA-RETURN-CODE                                        |UND                               
                                                                                                  |                                  
 ==000133==> IGYPS2121-S "CA-RETURN-CODE" was not defined as a data-name.  The statement was      |                                  
                         discarded.                                                               |                                  
                                                                                                  |                                  
   000134      1               EXEC CICS RETURN END-EXEC                                          |                                  
                                                                                                  |                                  
 ==000134==> IGYPS0228-S An "EXEC CICS" statement was found, but the "CICS" compiler option was   |                                  
                         not in effect.  The statement was discarded.                             |                                  
                                                                                                  |                                  
   000135                    END-IF                                                               |                                  
   000136                                                                                         |                                  
   000137               * Call routine to Insert row in Patient table                   *         |                                  
   000138                    PERFORM Obtain-Patient-Id.                                           |149                               
   000139                    PERFORM INSERT-PATIENT.                                              |154                               
   000140                                                                                         |                                  
   000141               *    Return to caller                                                     |                                  
   000142                    EXEC CICS RETURN END-EXEC.                                           |                                  
                                                                                                  |                                  
 ==000142==> IGYPS0228-S An "EXEC CICS" statement was found, but the "CICS" compiler option was   |                                  
                         not in effect.  The statement was discarded.                             |                                  
                                                                                                  |                                  
   000143                                                                                         |                                  
   000144                MAINLINE-EXIT.                                                           |                                  
   000145                    EXIT.                                                                |                                  
   000146               *----------------------------------------------------------------*        |                                  
   000147                                                                                         |                                  
   000148                                                                                         |                                  
   000149                Obtain-Patient-Id.                                                       |                                  
   000150               *                                                                         |                                  
   000151                    MOVE CA-PATIENT-ID TO DB2-PATIENT-ID.                                |UND 68                            
                                                                                                  |                                  
 ==000151==> IGYPS2121-S "CA-PATIENT-ID" was not defined as a data-name.  The statement was       |                                  
                         discarded.                                                               |                                  
                                                                                                  |                                  
   000152                                                                                         |                                  
   000153               *================================================================*        |                                  
   000154                INSERT-PATIENT.                                                          |                                  
   000155               *================================================================*        |                                  
   000156               * Insert row into Patient table based on customer number        *         |                                  
   000157               *================================================================*        |                                  
   000158                    MOVE ' INSERT PATIENT' TO EM-SQLREQ                                  |UND                               
                                                                                                  |                                  
 ==000158==> IGYPS2121-S "EM-SQLREQ" was not defined as a data-name.  The statement was discarded.|                                  
                                                                                                  |                                  
1PP 5724-L44 IBM COBOL for Windows                   8.0.0 S1612HCAPDB01  Date 01/23/2020  Time 04:55:37   Page     7             
   LineID  PL SL  ----+-*A-1-B--+----2----+----3----+----4----+----5----+----6----+----7-|--+----8 Map and Cross Reference           
0  000159                      EXEC SQL                                                           |                                  
   000160                        INSERT INTO PATIENT                                              |                                  
                                                                                                  |                                  
 ==000160==> IGYPS0225-S An "EXEC SQL" statement was found, but the "SQL" compiler option was not |                                  
                         in effect.  The statement was discarded.                                 |                                  
                                                                                                  |                                  
   000161                                  ( PATIENTID,                                           |                                  
   000162                                    USERNAME,                                            |                                  
   000163                                    FIRSTNAME,                                           |                                  
   000164                                    LASTNAME,                                            |                                  
   000165                                    DATEOFBIRTH,                                         |                                  
   000166                                    INSCARDNUMBER,                                       |                                  
   000167                                    ADDRESS,                                             |                                  
   000168                                    CITY,                                                |                                  
   000169                                    POSTCODE,                                            |                                  
   000170                                    PHONEMOBILE,                                         |                                  
   000171                                    EMAILADDRESS )                                       |                                  
   000172                           VALUES ( DEFAULT,                                             |                                  
   000173                                    :CA-USERID,                                          |UND                               
                                                                                                  |                                  
 ==000173==> IGYPS2121-S "CA-USERID" was not defined as a data-name.  The statement was discarded.|                                  
                                                                                                  |                                  
   000174                                    :CA-FIRST-NAME,                                      |UND                               
                                                                                                  |                                  
 ==000174==> IGYPS2121-S "CA-FIRST-NAME" was not defined as a data-name.  The statement was       |                                  
                         discarded.                                                               |                                  
                                                                                                  |                                  
   000175                                    :CA-LAST-NAME,                                       |UND                               
                                                                                                  |                                  
 ==000175==> IGYPS2121-S "CA-LAST-NAME" was not defined as a data-name.  The statement was        |                                  
                         discarded.                                                               |                                  
                                                                                                  |                                  
   000176                                    :CA-DOB,                                             |UND                               
                                                                                                  |                                  
 ==000176==> IGYPS2121-S "CA-DOB" was not defined as a data-name.  The statement was discarded.   |                                  
                                                                                                  |                                  
   000177                                    :CA-INS-CARD-NUM,                                    |UND                               
                                                                                                  |                                  
 ==000177==> IGYPS2121-S "CA-INS-CARD-NUM" was not defined as a data-name.  The statement was     |                                  
                         discarded.                                                               |                                  
                                                                                                  |                                  
   000178                                    :CA-ADDRESS,                                         |UND                               
                                                                                                  |                                  
 ==000178==> IGYPS2121-S "CA-ADDRESS" was not defined as a data-name.  The statement was          |                                  
                         discarded.                                                               |                                  
                                                                                                  |                                  
   000179                                    :CA-CITY,                                            |UND                               
                                                                                                  |                                  
 ==000179==> IGYPS2121-S "CA-CITY" was not defined as a data-name.  The statement was discarded.  |                                  
                                                                                                  |                                  
   000180                                    :CA-POSTCODE,                                        |UND                               
                                                                                                  |                                  
 ==000180==> IGYPS2121-S "CA-POSTCODE" was not defined as a data-name.  The statement was         |                                  
                         discarded.                                                               |                                  
                                                                                                  |                                  
   000181                                    :CA-PHONE-MOBILE,                                    |UND                               
                                                                                                  |                                  
1PP 5724-L44 IBM COBOL for Windows                   8.0.0 S1612HCAPDB01  Date 01/23/2020  Time 04:55:37   Page     8             
   LineID  PL SL  ----+-*A-1-B--+----2----+----3----+----4----+----5----+----6----+----7-|--+----8 Map and Cross Reference           
0==000181==> IGYPS2121-S "CA-PHONE-MOBILE" was not defined as a data-name.  The statement was     |                                  
                         discarded.                                                               |                                  
                                                                                                  |                                  
   000182                                    :CA-EMAIL-ADDRESS )                                  |UND                               
                                                                                                  |                                  
 ==000182==> IGYPS2121-S "CA-EMAIL-ADDRESS" was not defined as a data-name.  The statement was    |                                  
                         discarded.                                                               |                                  
                                                                                                  |                                  
   000183                      END-EXEC                                                           |                                  
   000184                                                                                         |                                  
   000185                      IF SQLCODE NOT EQUAL 0                                             |UND                               
                                                                                                  |                                  
 ==000185==> IGYPS2121-S "SQLCODE" was not defined as a data-name.  The statement was discarded.  |                                  
                                                                                                  |                                  
   000186      1                 MOVE '90' TO CA-RETURN-CODE                                      |UND                               
                                                                                                  |                                  
 ==000186==> IGYPS2121-S "CA-RETURN-CODE" was not defined as a data-name.  The statement was      |                                  
                         discarded.                                                               |                                  
                                                                                                  |                                  
   000187      1                 PERFORM WRITE-ERROR-MESSAGE                                      |UND                               
                                                                                                  |                                  
 ==000187==> IGYPA3007-S "WRITE-ERROR-MESSAGE" was not defined as a procedure-name.  The statement|                                  
                         was discarded.                                                           |                                  
                                                                                                  |                                  
   000188      1                 EXEC CICS RETURN END-EXEC                                        |                                  
                                                                                                  |                                  
 ==000188==> IGYPS0228-S An "EXEC CICS" statement was found, but the "CICS" compiler option was   |                                  
                         not in effect.  The statement was discarded.                             |                                  
                                                                                                  |                                  
   000189                      ELSE                                                               |                                  
   000190      1                 EXEC SQL                                                         |                                  
   000191      1                      SET :DB2-PATIENT-ID = IDENTITY_VAL_LOCAL()                  |68                                
                                                                                                  |                                  
 ==000191==> IGYPS0225-S An "EXEC SQL" statement was found, but the "SQL" compiler option was not |                                  
                         in effect.  The statement was discarded.                                 |                                  
                                                                                                  |                                  
   000192      1                 END-EXEC                                                         |                                  
   000193                      END-IF                                                             |                                  
   000194                                                                                         |                                  
   000195                    MOVE DB2-PATIENT-ID TO CA-PATIENT-ID.                                |68 UND                            
                                                                                                  |                                  
 ==000195==> IGYPS2121-S "CA-PATIENT-ID" was not defined as a data-name.  The statement was       |                                  
                         discarded.                                                               |                                  
                                                                                                  |                                  
   000196                                                                                         |                                  
   000197                    EXIT.                                                                |                                  
   000198                                                                                         |                                  
   000199               *----------------------------------------------------------------*        |                                  
   000200                COPY HCERRSPD.                                                           |                                  
1PP 5724-L44 IBM COBOL for Windows                   8.0.0 S1612HCAPDB01  Date 01/23/2020  Time 04:55:37   Page     9             
0An "M" preceding a data-name reference indicates that the data-name is modified by this reference.
  
  Defined   Cross-reference of data names   References                                                                               
  
       67   DB2-OUT. . . . . . . . . . . .  M110                                                                                                                                                 
       68   DB2-PATIENT-ID . . . . . . . .  M151 191 195                                                                                                                                         
       84   DFHCOMMAREA. . . . . . . . . .  125                                                                                                                                                  
       41   WS-ADDR-DFHCOMMAREA. . . . . .  M125                                                                                                                                                 
       55   WS-CA-HEADER-LEN . . . . . . .  128                                                                                                                                                  
       42   WS-CALEN . . . . . . . . . . .  M124                                                                                                                                                 
       54   WS-COMMAREA-LENGTHS                                                                                                                                                                  
       35   WS-EYECATCHER                                                                                                                                                                        
       40   WS-FILLER                                                                                                                                                                            
       34   WS-HEADER. . . . . . . . . . .  M101                                                                                                                                                 
       56   WS-REQUIRED-CA-LEN . . . . . .  M128 132                                                                                                                                             
       45   WS-RESP                                                                                                                                                                              
       39   WS-TASKNUM . . . . . . . . . .  M105                                                                                                                                                 
       38   WS-TERMID. . . . . . . . . . .  M104                                                                                                                                                 
       37   WS-TRANSID . . . . . . . . . .  M103                                                                                                                                                 
1PP 5724-L44 IBM COBOL for Windows                   8.0.0 S1612HCAPDB01  Date 01/23/2020  Time 04:55:37   Page    10             
0Context usage is indicated by the letter preceding a procedure-name reference.
 These letters and their meanings are:
     A = ALTER (procedure-name)
     D = GO TO (procedure-name) DEPENDING ON
     E = End of range of (PERFORM) through (procedure-name)
     G = GO TO (procedure-name)
     P = PERFORM (procedure-name)
     T = (ALTER) TO PROCEED TO (procedure-name)
     U = USE FOR DEBUGGING (procedure-name)
  
  Defined   Cross-reference of procedures   References                                                                               
  
      154   INSERT-PATIENT . . . . . . . .  P139                                                                                                                                                 
       95   MAINLINE                                                                                                                                                                             
      144   MAINLINE-EXIT                                                                                                                                                                        
      149   OBTAIN-PATIENT-ID. . . . . . .  P138                                                                                                                                                 
1PP 5724-L44 IBM COBOL for Windows                   8.0.0 S1612HCAPDB01  Date 01/23/2020  Time 04:55:37   Page    11             
0 Defined   Cross-reference of programs     References                                                                               
  
       22   HCAPDB01                                                                                                                                                                             
1PP 5724-L44 IBM COBOL for Windows                   8.0.0 S1612HCAPDB01  Date 01/23/2020  Time 04:55:37   Page    12             
0LineID  Message code  Message text
                                                                                                                                     
         IGYSC0207-S   Severe message(s) were issued during library phase processing.  Refer to the beginning of the listing.        
                                                                                                                                     
     76  IGYDS0225-S   An "EXEC SQL" statement was found, but the "SQL" compiler option was not in effect.  The statement was        
                       discarded.                                                                                                    
                                                                                                                                     
                       Same message on line:     86    160    191                                                                    
                                                                                                                                     
     84  IGYDS1159-E   A "PICTURE" clause was not found for elementary item "DFHCOMMAREA".  "PICTURE X(1)" was assumed.              
                                                                                                                                     
     84  IGYSC2025-W   "DFHCOMMAREA" or one of its subordinates was referenced, but "DFHCOMMAREA" was a "LINKAGE SECTION" item that  
                       did not have addressability.  This reference will not be resolved successfully at execution.                  
                                                                                                                                     
    103  IGYPS2121-S   "EIBTRNID" was not defined as a data-name.  The statement was discarded.                                      
                                                                                                                                     
    104  IGYPS2121-S   "EIBTRMID" was not defined as a data-name.  The statement was discarded.                                      
                                                                                                                                     
    105  IGYPS2121-S   "EIBTASKN" was not defined as a data-name.  The statement was discarded.                                      
                                                                                                                                     
    116  IGYPS2121-S   "EIBCALEN" was not defined as a data-name.  The statement was discarded.                                      
                                                                                                                                     
                       Same message on line:    124    132                                                                           
                                                                                                                                     
    117  IGYPS2121-S   "EM-VARIABLE" was not defined as a data-name.  The statement was discarded.                                   
                                                                                                                                     
    118  IGYPA3007-S   "WRITE-ERROR-MESSAGE" was not defined as a procedure-name.  The statement was discarded.                      
                                                                                                                                     
                       Same message on line:    187                                                                                  
                                                                                                                                     
    119  IGYPS0228-S   An "EXEC CICS" statement was found, but the "CICS" compiler option was not in effect.  The statement was      
                       discarded.                                                                                                    
                                                                                                                                     
                       Same message on line:    134    142    188                                                                    
                                                                                                                                     
    123  IGYPS2121-S   "CA-RETURN-CODE" was not defined as a data-name.  The statement was discarded.                                
                                                                                                                                     
                       Same message on line:    133    186                                                                           
                                                                                                                                     
    151  IGYPS2121-S   "CA-PATIENT-ID" was not defined as a data-name.  The statement was discarded.                                 
                                                                                                                                     
                       Same message on line:    195                                                                                  
                                                                                                                                     
    158  IGYPS2121-S   "EM-SQLREQ" was not defined as a data-name.  The statement was discarded.                                     
                                                                                                                                     
    173  IGYPS2121-S   "CA-USERID" was not defined as a data-name.  The statement was discarded.                                     
                                                                                                                                     
    174  IGYPS2121-S   "CA-FIRST-NAME" was not defined as a data-name.  The statement was discarded.                                 
                                                                                                                                     
    175  IGYPS2121-S   "CA-LAST-NAME" was not defined as a data-name.  The statement was discarded.                                  
                                                                                                                                     
    176  IGYPS2121-S   "CA-DOB" was not defined as a data-name.  The statement was discarded.                                        
                                                                                                                                     
    177  IGYPS2121-S   "CA-INS-CARD-NUM" was not defined as a data-name.  The statement was discarded.                               
                                                                                                                                     
    178  IGYPS2121-S   "CA-ADDRESS" was not defined as a data-name.  The statement was discarded.                                    
                                                                                                                                     
    179  IGYPS2121-S   "CA-CITY" was not defined as a data-name.  The statement was discarded.                                       
1PP 5724-L44 IBM COBOL for Windows                   8.0.0 S1612HCAPDB01  Date 01/23/2020  Time 04:55:37   Page    13             
0                                                                                                                                    
    180  IGYPS2121-S   "CA-POSTCODE" was not defined as a data-name.  The statement was discarded.                                   
                                                                                                                                     
    181  IGYPS2121-S   "CA-PHONE-MOBILE" was not defined as a data-name.  The statement was discarded.                               
                                                                                                                                     
    182  IGYPS2121-S   "CA-EMAIL-ADDRESS" was not defined as a data-name.  The statement was discarded.                              
                                                                                                                                     
    185  IGYPS2121-S   "SQLCODE" was not defined as a data-name.  The statement was discarded.                                       
-Messages    Total    Informational    Warning    Error    Severe    Terminating
0Printed:      37                          1         1        35            
-* Statistics for COBOL program HCAPDB01:
 *    Source records = 200
 *    Data Division statements = 15
 *    Procedure Division statements = 30
0Locale = en_US.IBM-437
0End of compilation 1,  program HCAPDB01,  highest severity: Severe.
0Return code 12
