1PP 5724-L44 IBM COBOL for Windows                   8.0.0 S1612          Date 01/23/2020  Time 04:55:39   Page     1             
0Invocation parameters:
  NOCOMPILE,adata,exit(adexit(fttfdbkw))
0Options in effect:
    ADATA                                                                                                                            
    QUOTE                                                                                                                            
    ARITH(COMPAT)                                                                                                                    
    BINARY(NATIVE)                                                                                                                   
    CALLINT(SYSTEM,NODESCRIPTOR)                                                                                                     
    CHAR(NATIVE)                                                                                                                     
  NOCICS                                                                                                                             
    COLLSEQ(BINARY)                                                                                                                  
  NOCOMPILE                                                                                                                          
  NOCOPYRIGHT                                                                                                                        
  NOCURRENCY                                                                                                                         
  NODIAGTRUNC                                                                                                                        
    DIVIDE(NATIVE)                                                                                                                   
  NODYNAM                                                                                                                            
    ENTRYINT(SYSTEM)                                                                                                                 
    EXIT(NOINEXIT,NOPRTEXIT,NOLIBEXIT,ADEXIT(FTTFDBKW),NOMSGEXIT)                                                                    
    FLAG(I,I)                                                                                                                        
  NOFLAGSTD                                                                                                                          
    FLOAT(NATIVE)                                                                                                                    
    LINECOUNT(60)                                                                                                                    
  NOLIST                                                                                                                             
    LSTFILE(LOCALE)                                                                                                                  
  NOMAP                                                                                                                              
  NOMDECK                                                                                                                            
    NCOLLSEQ(BINARY)                                                                                                                 
    NSYMBOL(NATIONAL)                                                                                                                
  NONUMBER                                                                                                                           
    OPTIMIZE(0)                                                                                                                      
    PGMNAME(LONGUPPER)                                                                                                               
    PROBE                                                                                                                            
    QUALIFY(COMPAT)                                                                                                                  
  NORULES                                                                                                                            
  NOSERVICE                                                                                                                          
    SEPOBJ                                                                                                                           
    SEQUENCE                                                                                                                         
  NOSOSI                                                                                                                             
    SOURCE                                                                                                                           
    SPACE(1)                                                                                                                         
  NOSQL                                                                                                                              
    SRCFORMAT(COMPAT)                                                                                                                
  NOSSRANGE                                                                                                                          
  NOSUPPRESS                                                                                                                         
    TERM                                                                                                                             
  NOTEST                                                                                                                             
  NOTHREAD                                                                                                                           
    TRUNC(STD)                                                                                                                       
  NOVBREF                                                                                                                            
  NOWSCLEAR                                                                                                                          
    XREF(FULL)                                                                                                                       
    ZWB                                                                                                                              
1PP 5724-L44 IBM COBOL for Windows                   8.0.0 S1612          Date 01/23/2020  Time 04:55:39   Page     2             
0LineID  Message code  Library phase message text
                                                                                                                                     
     27  IGYLI0049-S   The "COPY" library ".\HCERRSWS" was not found.  Skipped to the period terminating the "COPY" statement.       
                                                                                                                                     
    161  IGYLI0049-S   The "COPY" library ".\HCERRSPD" was not found.  Skipped to the period terminating the "COPY" statement.       
-Messages    Total    Informational    Warning    Error    Severe    Terminating
0Printed:       2                                              2            
1PP 5724-L44 IBM COBOL for Windows                   8.0.0 S1612HCIPDB01  Date 01/23/2020  Time 04:55:39   Page     3             
   LineID  PL SL  ----+-*A-1-B--+----2----+----3----+----4----+----5----+----6----+----7-|--+----8 Map and Cross Reference           
0  000001               ******************************************************************        |                                  
   000002               * Used on CICS trx HCAZ                                          *        |                                  
   000003               * invoked hen selecting option 2 - Inquire Patient               *        |                                  
   000004               * Changed Jan 15 2020                                                     |                                  
   000005               *  Look for %bug to introdude a  bug                             *        |                                  
   000006               ******************************************************************        |                                  
   000007                IDENTIFICATION DIVISION.                                                 |                                  
   000008                PROGRAM-ID. HCIPDB01.                                                    |                                  
   000009                ENVIRONMENT DIVISION.                                                    |                                  
   000010                CONFIGURATION SECTION.                                                   |                                  
   000011                DATA DIVISION.                                                           |                                  
   000012                WORKING-STORAGE SECTION.                                                 |                                  
   000013               *----------------------------------------------------------------*        |                                  
   000014               * Common defintions                                              *        |                                  
   000015               *----------------------------------------------------------------*        |                                  
   000016               * Run time (debug) infomation for this invocation                         |                                  
   000017                 01  WS-HEADER.                                                          |                                  
   000018                    03 WS-EYECATCHER            PIC X(16)                                |                                  
   000019                                                 VALUE 'HCIPDB01------WS'.               |                                  
   000020                    03 WS-TRANSID               PIC X(4).                                |                                  
   000021                    03 WS-TERMID                PIC X(4).                                |                                  
   000022                    03 WS-TASKNUM               PIC 9(7).                                |                                  
   000023                    03 WS-FILLER                PIC X.                                   |                                  
   000024                    03 WS-ADDR-DFHCOMMAREA      USAGE is POINTER.                        |                                  
   000025                    03 WS-CALEN                 PIC S9(4) COMP.                          |                                  
   000026               *----------------------------------------------------------------*        |                                  
   000027                COPY HCERRSWS.                                                           |                                  
   000028               *----------------------------------------------------------------*        |                                  
   000029               * Fields to be used to calculate if commarea is large enough              |                                  
   000030                01  WS-COMMAREA-LENGTHS.                                                 |                                  
   000031                    03 WS-CA-HEADERTRAILER-LEN  PIC S9(4) COMP VALUE +18.                |                                  
   000032                    03 WS-REQUIRED-CA-LEN       PIC S9(4)      VALUE +0.                 |                                  
   000033               *----------------------------------------------------------------*        |                                  
   000034               * Definitions required by SQL statement                          *        |                                  
   000035               *   DB2 datatypes to COBOL equivalents                           *        |                                  
   000036               *     SMALLINT    :   PIC S9(4) COMP                             *        |                                  
   000037               *     INTEGER     :   PIC S9(9) COMP                             *        |                                  
   000038               *     DATE        :   PIC X(10)                                  *        |                                  
   000039               *     TIMESTAMP   :   PIC X(26)                                  *        |                                  
   000040               *----------------------------------------------------------------*        |                                  
   000041               * Host variables for input to DB2 integer types                           |                                  
   000042                01  DB2-IN.                                                              |                                  
   000043                    03 DB2-PATIENT-ID           PIC S9(9) COMP.                          |                                  
   000044               *----------------------------------------------------------------*        |                                  
   000045               *    DB2 CONTROL                                                          |                                  
   000046               *----------------------------------------------------------------*        |                                  
   000047               * SQLCA DB2 communications area                                           |                                  
   000048                    EXEC SQL                                                             |                                  
   000049                        INCLUDE SQLCA                                                    |                                  
                                                                                                  |                                  
 ==000049==> IGYDS0225-S An "EXEC SQL" statement was found, but the "SQL" compiler option was not |                                  
                         in effect.  The statement was discarded.                                 |                                  
                                                                                                  |                                  
   000050                    END-EXEC.                                                            |                                  
   000051               ******************************************************************        |                                  
   000052               *    L I N K A G E     S E C T I O N                                      |                                  
   000053               ******************************************************************        |                                  
1PP 5724-L44 IBM COBOL for Windows                   8.0.0 S1612HCIPDB01  Date 01/23/2020  Time 04:55:39   Page     4             
   LineID  PL SL  ----+-*A-1-B--+----2----+----3----+----4----+----5----+----6----+----7-|--+----8 Map and Cross Reference           
0  000054                LINKAGE SECTION.                                                         |                                  
   000055                01  DFHCOMMAREA.                                                         |                                  
                                                                                                  |                                  
 ==000055==> IGYDS1159-E A "PICTURE" clause was not found for elementary item "DFHCOMMAREA".      |                                  
                         "PICTURE X(1)" was assumed.                                              |                                  
                                                                                                  |                                  
 ==000055==> IGYSC2025-W "DFHCOMMAREA" or one of its subordinates was referenced, but             |                                  
                         "DFHCOMMAREA" was a "LINKAGE SECTION" item that did not have             |                                  
                         addressability.  This reference will not be resolved successfully at     |                                  
                         execution.                                                               |                                  
                                                                                                  |                                  
   000056                    EXEC SQL                                                             |                                  
   000057                      INCLUDE HCCMAREA                                                   |                                  
                                                                                                  |                                  
 ==000057==> IGYDS0225-S An "EXEC SQL" statement was found, but the "SQL" compiler option was not |                                  
                         in effect.  The statement was discarded.                                 |                                  
                                                                                                  |                                  
   000058                    END-EXEC.                                                            |                                  
   000059               ******************************************************************        |                                  
   000060               *    P R O C E D U R E S                                                  |                                  
   000061               ******************************************************************        |                                  
   000062                PROCEDURE DIVISION.                                                      |                                  
   000063               *----------------------------------------------------------------*        |                                  
   000064                MAINLINE SECTION.                                                        |                                  
   000065               *----------------------------------------------------------------*        |                                  
   000066               * Common code                                                    *        |                                  
   000067               *----------------------------------------------------------------*        |                                  
   000068               * initialize working storage variables                                    |                                  
   000069                    INITIALIZE WS-HEADER.                                                |17                                
   000070               * set up general variable                                                 |                                  
   000071                    MOVE EIBTRNID TO WS-TRANSID.                                         |UND 20                            
                                                                                                  |                                  
 ==000071==> IGYPS2121-S "EIBTRNID" was not defined as a data-name.  The statement was discarded. |                                  
                                                                                                  |                                  
   000072                    MOVE EIBTRMID TO WS-TERMID.                                          |UND 21                            
                                                                                                  |                                  
 ==000072==> IGYPS2121-S "EIBTRMID" was not defined as a data-name.  The statement was discarded. |                                  
                                                                                                  |                                  
   000073                    MOVE EIBTASKN TO WS-TASKNUM.                                         |UND 22                            
                                                                                                  |                                  
 ==000073==> IGYPS2121-S "EIBTASKN" was not defined as a data-name.  The statement was discarded. |                                  
                                                                                                  |                                  
   000074               *----------------------------------------------------------------*        |                                  
   000075               * Check commarea and obtain required details                     *        |                                  
   000076               *----------------------------------------------------------------*        |                                  
   000077               * If NO commarea received issue an ABEND                                  |                                  
   000078                    IF EIBCALEN IS EQUAL TO ZERO                                         |UND IMP                           
                                                                                                  |                                  
 ==000078==> IGYPS2121-S "EIBCALEN" was not defined as a data-name.  The statement was discarded. |                                  
                                                                                                  |                                  
   000079      1                 MOVE ' NO COMMAREA RECEIVED' TO EM-VARIABLE                      |UND                               
                                                                                                  |                                  
 ==000079==> IGYPS2121-S "EM-VARIABLE" was not defined as a data-name.  The statement was         |                                  
                         discarded.                                                               |                                  
                                                                                                  |                                  
   000080      1                 PERFORM WRITE-ERROR-MESSAGE                                      |UND                               
                                                                                                  |                                  
1PP 5724-L44 IBM COBOL for Windows                   8.0.0 S1612HCIPDB01  Date 01/23/2020  Time 04:55:39   Page     5             
   LineID  PL SL  ----+-*A-1-B--+----2----+----3----+----4----+----5----+----6----+----7-|--+----8 Map and Cross Reference           
0==000080==> IGYPA3007-S "WRITE-ERROR-MESSAGE" was not defined as a procedure-name.  The statement|                                  
                         was discarded.                                                           |                                  
                                                                                                  |                                  
   000081      1                 EXEC CICS ABEND ABCODE('HCCA') NODUMP END-EXEC                   |                                  
                                                                                                  |                                  
 ==000081==> IGYPS0228-S An "EXEC CICS" statement was found, but the "CICS" compiler option was   |                                  
                         not in effect.  The statement was discarded.                             |                                  
                                                                                                  |                                  
   000082                    END-IF                                                               |                                  
   000083               * initialize commarea return code to zero                                 |                                  
   000084                    MOVE '00' TO CA-RETURN-CODE                                          |UND                               
                                                                                                  |                                  
 ==000084==> IGYPS2121-S "CA-RETURN-CODE" was not defined as a data-name.  The statement was      |                                  
                         discarded.                                                               |                                  
                                                                                                  |                                  
   000085                    MOVE EIBCALEN TO WS-CALEN.                                           |UND 25                            
                                                                                                  |                                  
 ==000085==> IGYPS2121-S "EIBCALEN" was not defined as a data-name.  The statement was discarded. |                                  
                                                                                                  |                                  
   000086                    SET WS-ADDR-DFHCOMMAREA TO ADDRESS OF DFHCOMMAREA.                   |24 IMP 55                         
   000087               * initialize DB2 host variables                                           |                                  
   000088               *    INITIALIZE DB2-IN-INTEGERS.                                          |                                  
   000089               *----------------------------------------------------------------*        |                                  
   000090               * Process incoming commarea                                      *        |                                  
   000091               *----------------------------------------------------------------*        |                                  
   000092               * check commarea length - meets minimum requirement                       |                                  
   000093                    ADD WS-CA-HEADERTRAILER-LEN TO WS-REQUIRED-CA-LEN                    |31 32                             
   000094               * if less set error return code and return to caller                      |                                  
   000095                    IF EIBCALEN IS LESS THAN WS-REQUIRED-CA-LEN                          |UND 32                            
                                                                                                  |                                  
 ==000095==> IGYPS2121-S "EIBCALEN" was not defined as a data-name.  The statement was discarded. |                                  
                                                                                                  |                                  
   000096      1               MOVE '98' TO CA-RETURN-CODE                                        |UND                               
                                                                                                  |                                  
 ==000096==> IGYPS2121-S "CA-RETURN-CODE" was not defined as a data-name.  The statement was      |                                  
                         discarded.                                                               |                                  
                                                                                                  |                                  
   000097      1               EXEC CICS RETURN END-EXEC                                          |                                  
                                                                                                  |                                  
 ==000097==> IGYPS0228-S An "EXEC CICS" statement was found, but the "CICS" compiler option was   |                                  
                         not in effect.  The statement was discarded.                             |                                  
                                                                                                  |                                  
   000098                    END-IF                                                               |                                  
   000099               * Convert commarea patient id to DB2 integer format                       |                                  
   000100                    MOVE CA-PATIENT-ID TO DB2-PATIENT-ID                                 |UND 43                            
                                                                                                  |                                  
 ==000100==> IGYPS2121-S "CA-PATIENT-ID" was not defined as a data-name.  The statement was       |                                  
                         discarded.                                                               |                                  
                                                                                                  |                                  
   000101               * and save in error msg field incase required                             |                                  
   000102                    MOVE CA-PATIENT-ID TO EM-PATNUM                                      |UND UND                           
                                                                                                  |                                  
 ==000102==> IGYPS2121-S "CA-PATIENT-ID" was not defined as a data-name.  The statement was       |                                  
                         discarded.                                                               |                                  
                                                                                                  |                                  
 ==000102==> IGYPS2121-S "EM-PATNUM" was not defined as a data-name.  The statement was discarded.|                                  
                                                                                                  |                                  
1PP 5724-L44 IBM COBOL for Windows                   8.0.0 S1612HCIPDB01  Date 01/23/2020  Time 04:55:39   Page     6             
   LineID  PL SL  ----+-*A-1-B--+----2----+----3----+----4----+----5----+----6----+----7-|--+----8 Map and Cross Reference           
0  000103               *----------------------------------------------------------------*        |                                  
   000104               * Obtain details from DB2                                        *        |                                  
   000105               *----------------------------------------------------------------*        |                                  
   000106               *    Call routine to issue SQL to obtain info from DB2                    |                                  
   000107                    PERFORM GET-PATIENT-INFO.                                            |116                               
   000108               *----------------------------------------------------------------*        |                                  
   000109               * END PROGRAM and return to caller                               *        |                                  
   000110               *----------------------------------------------------------------*        |                                  
   000111                MAINLINE-END.                                                            |                                  
   000112                    EXEC CICS RETURN END-EXEC.                                           |                                  
                                                                                                  |                                  
 ==000112==> IGYPS0228-S An "EXEC CICS" statement was found, but the "CICS" compiler option was   |                                  
                         not in effect.  The statement was discarded.                             |                                  
                                                                                                  |                                  
   000113                MAINLINE-EXIT.                                                           |                                  
   000114                    EXIT.                                                                |                                  
   000115               *----------------------------------------------------------------*        |                                  
   000116                GET-PATIENT-INFO.                                                        |                                  
   000117                    EXEC SQL                                                             |                                  
   000118                        SELECT FIRSTNAME,                                                |                                  
                                                                                                  |                                  
 ==000118==> IGYPS0225-S An "EXEC SQL" statement was found, but the "SQL" compiler option was not |                                  
                         in effect.  The statement was discarded.                                 |                                  
                                                                                                  |                                  
   000119                               LASTNAME,                                                 |                                  
   000120                               DATEOFBIRTH,                                              |                                  
   000121                               insCardNumber,                                            |                                  
   000122                               ADDRESS,                                                  |                                  
   000123                               CITY,                                                     |                                  
   000124                               POSTCODE,                                                 |                                  
   000125                               PHONEMOBILE,                                              |                                  
   000126                               EMAILADDRESS,                                             |                                  
   000127                               USERNAME                                                  |                                  
   000128                        INTO  :CA-FIRST-NAME,                                            |UND                               
                                                                                                  |                                  
 ==000128==> IGYPS2121-S "CA-FIRST-NAME" was not defined as a data-name.  The statement was       |                                  
                         discarded.                                                               |                                  
                                                                                                  |                                  
   000129                              :CA-LAST-NAME,                                             |UND                               
                                                                                                  |                                  
 ==000129==> IGYPS2121-S "CA-LAST-NAME" was not defined as a data-name.  The statement was        |                                  
                         discarded.                                                               |                                  
                                                                                                  |                                  
   000130                              :CA-DOB,                                                   |UND                               
                                                                                                  |                                  
 ==000130==> IGYPS2121-S "CA-DOB" was not defined as a data-name.  The statement was discarded.   |                                  
                                                                                                  |                                  
   000131                              :CA-INS-CARD-NUM,                                          |UND                               
                                                                                                  |                                  
 ==000131==> IGYPS2121-S "CA-INS-CARD-NUM" was not defined as a data-name.  The statement was     |                                  
                         discarded.                                                               |                                  
                                                                                                  |                                  
   000132                              :CA-ADDRESS,                                               |UND                               
                                                                                                  |                                  
 ==000132==> IGYPS2121-S "CA-ADDRESS" was not defined as a data-name.  The statement was          |                                  
                         discarded.                                                               |                                  
                                                                                                  |                                  
1PP 5724-L44 IBM COBOL for Windows                   8.0.0 S1612HCIPDB01  Date 01/23/2020  Time 04:55:39   Page     7             
   LineID  PL SL  ----+-*A-1-B--+----2----+----3----+----4----+----5----+----6----+----7-|--+----8 Map and Cross Reference           
0  000133                              :CA-CITY,                                                  |UND                               
                                                                                                  |                                  
 ==000133==> IGYPS2121-S "CA-CITY" was not defined as a data-name.  The statement was discarded.  |                                  
                                                                                                  |                                  
   000134                              :CA-POSTCODE,                                              |UND                               
                                                                                                  |                                  
 ==000134==> IGYPS2121-S "CA-POSTCODE" was not defined as a data-name.  The statement was         |                                  
                         discarded.                                                               |                                  
                                                                                                  |                                  
   000135                              :CA-PHONE-MOBILE,                                          |UND                               
                                                                                                  |                                  
 ==000135==> IGYPS2121-S "CA-PHONE-MOBILE" was not defined as a data-name.  The statement was     |                                  
                         discarded.                                                               |                                  
                                                                                                  |                                  
   000136                              :CA-EMAIL-ADDRESS,                                         |UND                               
                                                                                                  |                                  
 ==000136==> IGYPS2121-S "CA-EMAIL-ADDRESS" was not defined as a data-name.  The statement was    |                                  
                         discarded.                                                               |                                  
                                                                                                  |                                  
   000137                              :CA-USERID                                                 |UND                               
                                                                                                  |                                  
 ==000137==> IGYPS2121-S "CA-USERID" was not defined as a data-name.  The statement was discarded.|                                  
                                                                                                  |                                  
   000138                        FROM PATIENT                                                     |                                  
   000139                        WHERE PATIENTID = :DB2-PATIENT-ID                                |43                                
   000140                        END-EXEC.                                                        |                                  
   000141                    Evaluate SQLCODE                                                     |UND                               
                                                                                                  |                                  
 ==000141==> IGYPS2121-S "SQLCODE" was not defined as a data-name.  The statement was discarded.  |                                  
                                                                                                  |                                  
   000142                      When 0                                                             |                                  
   000143      1                 MOVE '00' TO CA-RETURN-CODE                                      |UND                               
                                                                                                  |                                  
 ==000143==> IGYPS2121-S "CA-RETURN-CODE" was not defined as a data-name.  The statement was      |                                  
                         discarded.                                                               |                                  
                                                                                                  |                                  
   000144                      When 100                                                           |                                  
   000145      1                 MOVE '01' TO CA-RETURN-CODE                                      |UND                               
                                                                                                  |                                  
 ==000145==> IGYPS2121-S "CA-RETURN-CODE" was not defined as a data-name.  The statement was      |                                  
                         discarded.                                                               |                                  
                                                                                                  |                                  
   000146                      When -913                                                          |                                  
   000147      1                 MOVE '01' TO CA-RETURN-CODE                                      |UND                               
                                                                                                  |                                  
 ==000147==> IGYPS2121-S "CA-RETURN-CODE" was not defined as a data-name.  The statement was      |                                  
                         discarded.                                                               |                                  
                                                                                                  |                                  
   000148                      When Other                                                         |                                  
   000149      1                 MOVE '90' TO CA-RETURN-CODE                                      |UND                               
                                                                                                  |                                  
 ==000149==> IGYPS2121-S "CA-RETURN-CODE" was not defined as a data-name.  The statement was      |                                  
                         discarded.                                                               |                                  
                                                                                                  |                                  
   000150      1                 PERFORM WRITE-ERROR-MESSAGE                                      |UND                               
                                                                                                  |                                  
 ==000150==> IGYPA3007-S "WRITE-ERROR-MESSAGE" was not defined as a procedure-name.  The statement|                                  
1PP 5724-L44 IBM COBOL for Windows                   8.0.0 S1612HCIPDB01  Date 01/23/2020  Time 04:55:39   Page     8             
   LineID  PL SL  ----+-*A-1-B--+----2----+----3----+----4----+----5----+----6----+----7-|--+----8 Map and Cross Reference           
0                        was discarded.                                                           |                                  
                                                                                                  |                                  
   000151      1                 EXEC CICS RETURN END-EXEC                                        |                                  
                                                                                                  |                                  
 ==000151==> IGYPS0228-S An "EXEC CICS" statement was found, but the "CICS" compiler option was   |                                  
                         not in effect.  The statement was discarded.                             |                                  
                                                                                                  |                                  
   000152                    END-Evaluate.                                                        |                                  
   000153               * %bug -- the line below will introduce a BUG Jan 02 2020                 |                                  
   000154               *----------------------------------------------------------------*        |                                  
   000155               *         IF DB2-PATIENT-ID = 1                                           |                                  
   000156               *            MOVE "BAD NAME" to CA-FIRST-NAME                             |                                  
   000157               *         END-IF                                                          |                                  
   000158               *----------------------------------------------------------------*        |                                  
   000159                    EXIT.                                                                |                                  
   000160               *----------------------------------------------------------------*        |                                  
   000161                COPY HCERRSPD.                                                           |                                  
1PP 5724-L44 IBM COBOL for Windows                   8.0.0 S1612HCIPDB01  Date 01/23/2020  Time 04:55:39   Page     9             
0An "M" preceding a data-name reference indicates that the data-name is modified by this reference.
  
  Defined   Cross-reference of data names   References                                                                               
  
       42   DB2-IN                                                                                                                                                                               
       43   DB2-PATIENT-ID . . . . . . . .  M100 139                                                                                                                                             
       55   DFHCOMMAREA. . . . . . . . . .  86                                                                                                                                                   
       24   WS-ADDR-DFHCOMMAREA. . . . . .  M86                                                                                                                                                  
       31   WS-CA-HEADERTRAILER-LEN. . . .  93                                                                                                                                                   
       25   WS-CALEN . . . . . . . . . . .  M85                                                                                                                                                  
       30   WS-COMMAREA-LENGTHS                                                                                                                                                                  
       18   WS-EYECATCHER                                                                                                                                                                        
       23   WS-FILLER                                                                                                                                                                            
       17   WS-HEADER. . . . . . . . . . .  M69                                                                                                                                                  
       32   WS-REQUIRED-CA-LEN . . . . . .  M93 95                                                                                                                                               
       22   WS-TASKNUM . . . . . . . . . .  M73                                                                                                                                                  
       21   WS-TERMID. . . . . . . . . . .  M72                                                                                                                                                  
       20   WS-TRANSID . . . . . . . . . .  M71                                                                                                                                                  
1PP 5724-L44 IBM COBOL for Windows                   8.0.0 S1612HCIPDB01  Date 01/23/2020  Time 04:55:39   Page    10             
0Context usage is indicated by the letter preceding a procedure-name reference.
 These letters and their meanings are:
     A = ALTER (procedure-name)
     D = GO TO (procedure-name) DEPENDING ON
     E = End of range of (PERFORM) through (procedure-name)
     G = GO TO (procedure-name)
     P = PERFORM (procedure-name)
     T = (ALTER) TO PROCEED TO (procedure-name)
     U = USE FOR DEBUGGING (procedure-name)
  
  Defined   Cross-reference of procedures   References                                                                               
  
      116   GET-PATIENT-INFO . . . . . . .  P107                                                                                                                                                 
       64   MAINLINE                                                                                                                                                                             
      111   MAINLINE-END                                                                                                                                                                         
      113   MAINLINE-EXIT                                                                                                                                                                        
1PP 5724-L44 IBM COBOL for Windows                   8.0.0 S1612HCIPDB01  Date 01/23/2020  Time 04:55:39   Page    11             
0 Defined   Cross-reference of programs     References                                                                               
  
        8   HCIPDB01                                                                                                                                                                             
1PP 5724-L44 IBM COBOL for Windows                   8.0.0 S1612HCIPDB01  Date 01/23/2020  Time 04:55:39   Page    12             
0LineID  Message code  Message text
                                                                                                                                     
         IGYSC0207-S   Severe message(s) were issued during library phase processing.  Refer to the beginning of the listing.        
                                                                                                                                     
     49  IGYDS0225-S   An "EXEC SQL" statement was found, but the "SQL" compiler option was not in effect.  The statement was        
                       discarded.                                                                                                    
                                                                                                                                     
                       Same message on line:     57    118                                                                           
                                                                                                                                     
     55  IGYDS1159-E   A "PICTURE" clause was not found for elementary item "DFHCOMMAREA".  "PICTURE X(1)" was assumed.              
                                                                                                                                     
     55  IGYSC2025-W   "DFHCOMMAREA" or one of its subordinates was referenced, but "DFHCOMMAREA" was a "LINKAGE SECTION" item that  
                       did not have addressability.  This reference will not be resolved successfully at execution.                  
                                                                                                                                     
     71  IGYPS2121-S   "EIBTRNID" was not defined as a data-name.  The statement was discarded.                                      
                                                                                                                                     
     72  IGYPS2121-S   "EIBTRMID" was not defined as a data-name.  The statement was discarded.                                      
                                                                                                                                     
     73  IGYPS2121-S   "EIBTASKN" was not defined as a data-name.  The statement was discarded.                                      
                                                                                                                                     
     78  IGYPS2121-S   "EIBCALEN" was not defined as a data-name.  The statement was discarded.                                      
                                                                                                                                     
                       Same message on line:     85     95                                                                           
                                                                                                                                     
     79  IGYPS2121-S   "EM-VARIABLE" was not defined as a data-name.  The statement was discarded.                                   
                                                                                                                                     
     80  IGYPA3007-S   "WRITE-ERROR-MESSAGE" was not defined as a procedure-name.  The statement was discarded.                      
                                                                                                                                     
                       Same message on line:    150                                                                                  
                                                                                                                                     
     81  IGYPS0228-S   An "EXEC CICS" statement was found, but the "CICS" compiler option was not in effect.  The statement was      
                       discarded.                                                                                                    
                                                                                                                                     
                       Same message on line:     97    112    151                                                                    
                                                                                                                                     
     84  IGYPS2121-S   "CA-RETURN-CODE" was not defined as a data-name.  The statement was discarded.                                
                                                                                                                                     
                       Same message on line:     96    143    145    147    149                                                      
                                                                                                                                     
    100  IGYPS2121-S   "CA-PATIENT-ID" was not defined as a data-name.  The statement was discarded.                                 
                                                                                                                                     
                       Same message on line:    102                                                                                  
                                                                                                                                     
    102  IGYPS2121-S   "EM-PATNUM" was not defined as a data-name.  The statement was discarded.                                     
                                                                                                                                     
    128  IGYPS2121-S   "CA-FIRST-NAME" was not defined as a data-name.  The statement was discarded.                                 
                                                                                                                                     
    129  IGYPS2121-S   "CA-LAST-NAME" was not defined as a data-name.  The statement was discarded.                                  
                                                                                                                                     
    130  IGYPS2121-S   "CA-DOB" was not defined as a data-name.  The statement was discarded.                                        
                                                                                                                                     
    131  IGYPS2121-S   "CA-INS-CARD-NUM" was not defined as a data-name.  The statement was discarded.                               
                                                                                                                                     
    132  IGYPS2121-S   "CA-ADDRESS" was not defined as a data-name.  The statement was discarded.                                    
                                                                                                                                     
    133  IGYPS2121-S   "CA-CITY" was not defined as a data-name.  The statement was discarded.                                       
                                                                                                                                     
    134  IGYPS2121-S   "CA-POSTCODE" was not defined as a data-name.  The statement was discarded.                                   
1PP 5724-L44 IBM COBOL for Windows                   8.0.0 S1612HCIPDB01  Date 01/23/2020  Time 04:55:39   Page    13             
0                                                                                                                                    
    135  IGYPS2121-S   "CA-PHONE-MOBILE" was not defined as a data-name.  The statement was discarded.                               
                                                                                                                                     
    136  IGYPS2121-S   "CA-EMAIL-ADDRESS" was not defined as a data-name.  The statement was discarded.                              
                                                                                                                                     
    137  IGYPS2121-S   "CA-USERID" was not defined as a data-name.  The statement was discarded.                                     
                                                                                                                                     
    141  IGYPS2121-S   "SQLCODE" was not defined as a data-name.  The statement was discarded.                                       
-Messages    Total    Informational    Warning    Error    Severe    Terminating
0Printed:      39                          1         1        37            
-* Statistics for COBOL program HCIPDB01:
 *    Source records = 161
 *    Data Division statements = 14
 *    Procedure Division statements = 29
0Locale = en_US.IBM-437
0End of compilation 1,  program HCIPDB01,  highest severity: Severe.
0Return code 12
